// Jest Snapshot v1, https://goo.gl/fbAQLP

exports[`<Button/> should render a <Button/> components 1`] = `
<div>
  <button
    class="bant-button bant-button-default bant-button-normal"
    type="button"
  >
    <span>
      你好
    </span>
  </button>
  <button
    class="bant-button bant-button-primary"
    type="button"
  >
    <span>
      你好
    </span>
  </button>
  <button
    class="bant-button bant-button-info"
    type="button"
  >
    <span>
      你好
    </span>
  </button>
  <button
    class="bant-button bant-button-warning"
    type="button"
  >
    <span>
      你好
    </span>
  </button>
  <button
    class="bant-button bant-button-error"
    type="button"
  >
    <span>
      你好
    </span>
  </button>
  <button
    class="bant-button bant-button-success"
    type="button"
  >
    <span>
      你好
    </span>
  </button>
  <button
    class="bant-button bant-button-normal bant-button-disabled"
    disabled=""
    type="button"
  >
    <span>
      你好
    </span>
  </button>
  <button
    class="bant-button bant-button-default bant-button-normal bant-button-loading"
    disabled=""
    type="button"
  >
    <span>
      加载中..
    </span>
  </button>
  <button
    class="bant-button bant-button-default bant-button-normal bant-button-block"
    type="button"
  >
    <span>
      100%
    </span>
  </button>
  <button
    class="bant-button bant-button-default bant-button-normal bant-button-circle"
    type="button"
  >
    <span>
      圆形
    </span>
  </button>
  <button
    class="bant-button bant-button-primary bant-button-size-large"
    type="button"
  >
    <span>
      大
    </span>
  </button>
  <button
    class="bant-button bant-button-info"
    type="button"
  >
    <span>
      中
    </span>
  </button>
  <button
    class="bant-button bant-button-warning bant-button-size-small"
    type="button"
  >
    <span>
      小
    </span>
  </button>
</div>
`;
